// Jest Snapshot v1, https://goo.gl/fbAQLP

exports[`HomePage Should match rendered snapshot 1`] = `
<div>
  <header>
    You're at: 
    /test
  </header>
  <Connect(UsersListContainer) />
</div>
`;
