// Jest Snapshot v1, https://goo.gl/fbAQLP

exports[`App Should match the snapshot 1`] = `
<div
  className="App"
>
  <AppRouter />
</div>
`;
